This is pdfTeX, Version 3.141592653-2.6-1.40.29 (MiKTeX 26.2) (preloaded format=pdflatex 2026.7.20)  21 JUL 2026 22:36
entering extended mode
 restricted \write18 enabled.
 %&-line parsing enabled.
**d:/DESKTOP/cv/main.tex
(d:/DESKTOP/cv/main.tex
LaTeX2e <2025-11-01>
L3 programming layer <2026-01-19>

(C:\Users\SAPTARSHI SADHU\AppData\Local\Programs\MiKTeX\tex/latex/moderncv\mode
rncv.cls
Document Class: moderncv 2026-06-24 v2.6.1 modern curriculum vitae and letter d
ocument class

(C:\Users\SAPTARSHI SADHU\AppData\Local\Programs\MiKTeX\tex/latex/base\size11.c
lo
File: size11.clo 2025/01/22 v1.4n Standard LaTeX file (size option)
)
(C:\Users\SAPTARSHI SADHU\AppData\Local\Programs\MiKTeX\tex/latex/etoolbox\etoo
lbox.sty
Package: etoolbox 2025/10/02 v2.5m e-TeX tools for LaTeX (JAW)
\etb@tempcnta=\count275
)
(C:\Users\SAPTARSHI SADHU\AppData\Local\Programs\MiKTeX\tex/latex/base\ifthen.s
ty
Package: ifthen 2024/03/16 v1.1e Standard LaTeX ifthen package (DPC)
)
(C:\Users\SAPTARSHI SADHU\AppData\Local\Programs\MiKTeX\tex/latex/xcolor\xcolor
.sty
Package: xcolor 2024/09/29 v3.02 LaTeX color extensions (UK)

(C:\Users\SAPTARSHI SADHU\AppData\Local\Programs\MiKTeX\tex/latex/graphics-cfg\
color.cfg
File: color.cfg 2016/01/02 v1.6 sample color configuration
)
Package xcolor Info: Driver file: pdftex.def on input line 274.

(C:\Users\SAPTARSHI SADHU\AppData\Local\Programs\MiKTeX\tex/latex/graphics-def\
pdftex.def
File: pdftex.def 2025/09/29 v1.2d Graphics/color driver for pdftex
)
(C:\Users\SAPTARSHI SADHU\AppData\Local\Programs\MiKTeX\tex/latex/graphics\math
color.ltx)
Package xcolor Info: Model `cmy' substituted by `cmy0' on input line 1349.
Package xcolor Info: Model `hsb' substituted by `rgb' on input line 1353.
Package xcolor Info: Model `RGB' extended on input line 1365.
Package xcolor Info: Model `HTML' substituted by `rgb' on input line 1367.
Package xcolor Info: Model `Hsb' substituted by `hsb' on input line 1368.
Package xcolor Info: Model `tHsb' substituted by `hsb' on input line 1369.
Package xcolor Info: Model `HSB' substituted by `hsb' on input line 1370.
Package xcolor Info: Model `Gray' substituted by `gray' on input line 1371.
Package xcolor Info: Model `wave' substituted by `hsb' on input line 1372.
)
(C:\Users\SAPTARSHI SADHU\AppData\Local\Programs\MiKTeX\tex/latex/colortbl\colo
rtbl.sty
Package: colortbl 2026/05/01 v1.0l Color table columns (DPC)

(C:\Users\SAPTARSHI SADHU\AppData\Local\Programs\MiKTeX\tex/latex/tools\array.s
ty
Package: array 2025/09/25 v2.6n Tabular extension package (FMi)
\col@sep=\dimen148
\ar@mcellbox=\box53
\extrarowheight=\dimen149
\NC@list=\toks17
\extratabsurround=\skip49
\backup@length=\skip50
\ar@cellbox=\box54
)
\everycr=\toks18
\minrowclearance=\skip51
\rownum=\count276
)
(C:\Users\SAPTARSHI SADHU\AppData\Local\Programs\MiKTeX\tex/generic/iftex\iftex
.sty
Package: iftex 2024/12/12 v1.0g TeX engine tests
)
(C:\Users\SAPTARSHI SADHU\AppData\Local\Programs\MiKTeX\tex/latex/url\url.sty
\Urlmuskip=\muskip17
Package: url 2013/09/16  ver 3.4  Verb mode for urls, etc.
)
(C:\Users\SAPTARSHI SADHU\AppData\Local\Programs\MiKTeX\tex/latex/base\fontenc.
sty
Package: fontenc 2025/07/18 v2.1d Standard LaTeX package
)
(C:\Users\SAPTARSHI SADHU\AppData\Local\Programs\MiKTeX\tex/latex/graphics\grap
hicx.sty
Package: graphicx 2024/12/31 v1.2e Enhanced LaTeX Graphics (DPC,SPQR)

(C:\Users\SAPTARSHI SADHU\AppData\Local\Programs\MiKTeX\tex/latex/graphics\keyv
al.sty
Package: keyval 2022/05/29 v1.15 key=value parser (DPC)
\KV@toks@=\toks19
)
(C:\Users\SAPTARSHI SADHU\AppData\Local\Programs\MiKTeX\tex/latex/graphics\grap
hics.sty
Package: graphics 2024/08/06 v1.4g Standard LaTeX Graphics (DPC,SPQR)

(C:\Users\SAPTARSHI SADHU\AppData\Local\Programs\MiKTeX\tex/latex/graphics\trig
.sty
Package: trig 2023/12/02 v1.11 sin cos tan (DPC)
)
(C:\Users\SAPTARSHI SADHU\AppData\Local\Programs\MiKTeX\tex/latex/graphics-cfg\
graphics.cfg
File: graphics.cfg 2016/06/04 v1.11 sample graphics configuration
)
Package graphics Info: Driver file: pdftex.def on input line 106.
)
\Gin@req@height=\dimen150
\Gin@req@width=\dimen151
)
(C:\Users\SAPTARSHI SADHU\AppData\Local\Programs\MiKTeX\tex/latex/fancyhdr\fanc
yhdr.sty
Package: fancyhdr 2025/02/07 v5.2 Extensive control of page headers and footers

\f@nch@headwidth=\skip52
\f@nch@offset@elh=\skip53
\f@nch@offset@erh=\skip54
\f@nch@offset@olh=\skip55
\f@nch@offset@orh=\skip56
\f@nch@offset@elf=\skip57
\f@nch@offset@erf=\skip58
\f@nch@offset@olf=\skip59
\f@nch@offset@orf=\skip60
\f@nch@height=\skip61
\f@nch@footalignment=\skip62
\f@nch@widthL=\skip63
\f@nch@widthC=\skip64
\f@nch@widthR=\skip65
\@temptokenb=\toks20
)
(C:\Users\SAPTARSHI SADHU\AppData\Local\Programs\MiKTeX\tex/latex/moderncv\twea
klist.sty)
(C:\Users\SAPTARSHI SADHU\AppData\Local\Programs\MiKTeX\tex/latex/tools\calc.st
y
Package: calc 2025/03/01 v4.3b Infix arithmetic (KKT,FJ)
\calc@Acount=\count277
\calc@Bcount=\count278
\calc@Adimen=\dimen152
\calc@Bdimen=\dimen153
\calc@Askip=\skip66
\calc@Bskip=\skip67
LaTeX Info: Redefining \setlength on input line 86.
LaTeX Info: Redefining \addtolength on input line 87.
\calc@Ccount=\count279
\calc@Cskip=\skip68
)
(C:\Users\SAPTARSHI SADHU\AppData\Local\Programs\MiKTeX\tex/latex/l3packages/xp
arse\xparse.sty
(C:\Users\SAPTARSHI SADHU\AppData\Local\Programs\MiKTeX\tex/latex/l3kernel\expl
3.sty
Package: expl3 2026-01-19 L3 programming layer (loader) 

(C:\Users\SAPTARSHI SADHU\AppData\Local\Programs\MiKTeX\tex/latex/l3backend\l3b
ackend-pdftex.def
File: l3backend-pdftex.def 2025-10-09 L3 backend support: PDF output (pdfTeX)
\l__color_backend_stack_int=\count280
))
Package: xparse 2025-10-09 L3 Experimental document command parser
)
(C:\Users\SAPTARSHI SADHU\AppData\Local\Programs\MiKTeX\tex/latex/microtype\mic
rotype.sty
Package: microtype 2026/03/01 v3.2d Micro-typographical refinements (RS)
\MT@toks=\toks21
\MT@tempbox=\box55
\MT@count=\count281
LaTeX Info: Redefining \noprotrusionifhmode on input line 1084.
LaTeX Info: Redefining \leftprotrusion on input line 1085.
\MT@prot@toks=\toks22
LaTeX Info: Redefining \rightprotrusion on input line 1104.
LaTeX Info: Redefining \textls on input line 1449.
\MT@outer@kern=\dimen154
LaTeX Info: Redefining \microtypecontext on input line 2053.
LaTeX Info: Redefining \textmicrotypecontext on input line 2070.
\MT@listname@count=\count282

(C:\Users\SAPTARSHI SADHU\AppData\Local\Programs\MiKTeX\tex/latex/microtype\mic
rotype-pdftex.def
File: microtype-pdftex.def 2026/03/01 v3.2d Definitions specific to pdftex (RS)

LaTeX Info: Redefining \lsstyle on input line 944.
LaTeX Info: Redefining \lslig on input line 944.
\MT@outer@space=\skip69
)
Package microtype Info: Loading configuration file microtype.cfg.

(C:\Users\SAPTARSHI SADHU\AppData\Local\Programs\MiKTeX\tex/latex/microtype\mic
rotype.cfg
File: microtype.cfg 2026/03/01 v3.2d microtype main configuration file (RS)
)
LaTeX Info: Redefining \microtypesetup on input line 3065.
)
(C:\Users\SAPTARSHI SADHU\AppData\Local\Programs\MiKTeX\tex/latex/moderncv\mode
rncvcollection.sty
Package: moderncvcollection 2026-06-24 v2.6.1 moderncv collections
\c@collection@iterator=\count283
)
(C:\Users\SAPTARSHI SADHU\AppData\Local\Programs\MiKTeX\tex/latex/moderncv\mode
rncvcompatibility.sty
Package: moderncvcompatibility 2026-06-24 v2.6.1 modern curriculum vitae and le
tter compatibility patches
)
\c@collection@phones@count=\count284
\c@collection@socials@count=\count285
\c@cvcolumnscounter=\count286
\c@cvcolumnsautowidthcounter=\count287
\c@tmpiteratorcounter=\count288
\cvcolumnsdummywidth=\skip70
\cvcolumnswidth=\skip71
\cvcolumnsautowidth=\skip72
\cvcolumnautowidth=\skip73
\bibindent=\skip74
)
(C:\Users\SAPTARSHI SADHU\AppData\Local\Programs\MiKTeX\tex/latex/standalone\st
andalone.sty
Package: standalone 2025/02/22 v1.5a Package to include TeX sub-files with prea
mbles

(C:\Users\SAPTARSHI SADHU\AppData\Local\Programs\MiKTeX\tex/latex/tools\shelles
c.sty
Package: shellesc 2023/07/08 v1.0d unified shell escape interface for LaTeX
Package shellesc Info: Restricted shell escape enabled on input line 77.
)
(C:\Users\SAPTARSHI SADHU\AppData\Local\Programs\MiKTeX\tex/latex/xkeyval\xkeyv
al.sty
Package: xkeyval 2022/06/16 v2.9 package option processing (HA)

(C:\Users\SAPTARSHI SADHU\AppData\Local\Programs\MiKTeX\tex/generic/xkeyval\xke
yval.tex
(C:\Users\SAPTARSHI SADHU\AppData\Local\Programs\MiKTeX\tex/generic/xkeyval\xkv
utils.tex
\XKV@toks=\toks23
\XKV@tempa@toks=\toks24
)
\XKV@depth=\count289
File: xkeyval.tex 2014/12/03 v2.7a key=value parser (HA)
))
(C:\Users\SAPTARSHI SADHU\AppData\Local\Programs\MiKTeX\tex/latex/currfile\curr
file.sty
Package: currfile 2024/03/14 v1.0 Provides the file path elements of the curren
t input file

(C:\Users\SAPTARSHI SADHU\AppData\Local\Programs\MiKTeX\tex/latex/kvoptions\kvo
ptions.sty
Package: kvoptions 2022-06-15 v3.15 Key value format for package options (HO)

(C:\Users\SAPTARSHI SADHU\AppData\Local\Programs\MiKTeX\tex/generic/ltxcmds\ltx
cmds.sty
Package: ltxcmds 2023-12-04 v1.26 LaTeX kernel commands for general use (HO)
)
(C:\Users\SAPTARSHI SADHU\AppData\Local\Programs\MiKTeX\tex/latex/kvsetkeys\kvs
etkeys.sty
Package: kvsetkeys 2022-10-05 v1.19 Key value parser (HO)
))
(C:\Users\SAPTARSHI SADHU\AppData\Local\Programs\MiKTeX\tex/latex/filehook\file
hook.sty
Package: filehook 2022/10/25 v0.8b Hooks for input files

(C:\Users\SAPTARSHI SADHU\AppData\Local\Programs\MiKTeX\tex/latex/filehook\file
hook-2020.sty
Package: filehook-2020 2022/10/25 v0.8b Hooks for input files
))
\c@currfiledepth=\count290
)
(C:\Users\SAPTARSHI SADHU\AppData\Local\Programs\MiKTeX\tex/latex/gincltex\ginc
ltex.sty
(C:\Users\SAPTARSHI SADHU\AppData\Local\Programs\MiKTeX\tex/latex/svn-prov\svn-
prov.sty
Package: svn-prov 2010/04/24 v3.1862 Package Date/Version from SVN Keywords
)
Package: gincltex 2011/09/04 v0.3 Include external LaTeX files like graphics

(C:\Users\SAPTARSHI SADHU\AppData\Local\Programs\MiKTeX\tex/latex/adjustbox\adj
ustbox.sty
Package: adjustbox 2025/02/26 v1.3c Adjusting TeX boxes (trim, clip, ...)

(C:\Users\SAPTARSHI SADHU\AppData\Local\Programs\MiKTeX\tex/latex/adjustbox\adj
calc.sty
Package: adjcalc 2012/05/16 v1.1 Provides advanced setlength with multiple back
-ends (calc, etex, pgfmath)
)
(C:\Users\SAPTARSHI SADHU\AppData\Local\Programs\MiKTeX\tex/latex/adjustbox\tri
mclip.sty
Package: trimclip 2025/02/21 v1.2a Trim and clip general TeX material

(C:\Users\SAPTARSHI SADHU\AppData\Local\Programs\MiKTeX\tex/latex/collectbox\co
llectbox.sty
Package: collectbox 2022/10/17 v0.4c Collect macro arguments as boxes
\collectedbox=\box56
)
\tc@llx=\dimen155
\tc@lly=\dimen156
\tc@urx=\dimen157
\tc@ury=\dimen158
Package trimclip Info: Using driver 'tc-pdftex.def'.

(C:\Users\SAPTARSHI SADHU\AppData\Local\Programs\MiKTeX\tex/latex/adjustbox\tc-
pdftex.def
File: tc-pdftex.def 2025/02/26 v2.3 Clipping driver for pdftex
))
\adjbox@Width=\dimen159
\adjbox@Height=\dimen160
\adjbox@Depth=\dimen161
\adjbox@Totalheight=\dimen162
\adjbox@pwidth=\dimen163
\adjbox@pheight=\dimen164
\adjbox@pdepth=\dimen165
\adjbox@ptotalheight=\dimen166

(C:\Users\SAPTARSHI SADHU\AppData\Local\Programs\MiKTeX\tex/latex/ifoddpage\ifo
ddpage.sty
Package: ifoddpage 2022/10/18 v1.2 Conditionals for odd/even page detection
\c@checkoddpage=\count291
)
(C:\Users\SAPTARSHI SADHU\AppData\Local\Programs\MiKTeX\tex/latex/varwidth\varw
idth.sty
Package: varwidth 2009/03/30 ver 0.92;  Variable-width minipages
\@vwid@box=\box57
\sift@deathcycles=\count292
\@vwid@loff=\dimen167
\@vwid@roff=\dimen168
)
==> First Aid for varwidth.sty applied!
)
\gincltex@box=\box58
)
(C:\Users\SAPTARSHI SADHU\AppData\Local\Programs\MiKTeX\tex/latex/filemod\filem
od-expmin.sty
Package: filemod-expmin 2011/09/19 v1.2 Get and compare file modification times
 (expandable; minimal)
))
(C:\Users\SAPTARSHI SADHU\AppData\Local\Programs\MiKTeX\tex/latex/moderncv\mode
rncvstyleclassic.sty
Package: moderncvstyleclassic 2026-06-24 v2.6.1 modern curriculum vitae and let
ter style scheme: classic

(C:\Users\SAPTARSHI SADHU\AppData\Local\Programs\MiKTeX\tex/latex/moderncv\mode
rncviconssymbols.sty
Package: moderncviconssymbols 2026-06-24 v2.6.1 modern curriculum vitae icons s
elector


moderncv: academicons requires XeTeX/LuaTeX to work. Using alternatives.


(C:\Users\SAPTARSHI SADHU\AppData\Local\Programs\MiKTeX\tex/latex/moderncv\mode
rncviconsawesome.sty
Package: moderncviconsawesome 2026-06-24 v2.6.1 modern curriculum vitae icons: 
awesome

(C:\Users\SAPTARSHI SADHU\AppData\Local\Programs\MiKTeX\tex/latex/fontawesome6\
fontawesome6.sty
Package: fontawesome6 2025/09/16 v6.7.2-3 Font Awesome 6

(C:\Users\SAPTARSHI SADHU\AppData\Local\Programs\MiKTeX\tex/latex/l3packages/l3
keys2e\l3keys2e.sty
Package: l3keys2e 2025-10-09 LaTeX2e option processing using LaTeX3 keys
)
(C:\Users\SAPTARSHI SADHU\AppData\Local\Programs\MiKTeX\tex/latex/fontawesome6\
fontawesome6-generic-helper.sty
Package: fontawesome6-generic-helper 2025/09/16 v6.7.2-3 non-uTeX helper for fo
ntawesome6

(C:\Users\SAPTARSHI SADHU\AppData\Local\Programs\MiKTeX\tex/latex/fontawesome6\
fontawesome6-mapping.def)))
(C:\Users\SAPTARSHI SADHU\AppData\Local\Programs\MiKTeX\tex/latex/moderncv\mode
rncvcolors.sty
Package: moderncvcolors 2026-06-24 v2.6.1 modern curriculum vitae and letter ba
se colors
))
(C:\Users\SAPTARSHI SADHU\AppData\Local\Programs\MiKTeX\tex/latex/moderncv\mode
rncviconstikz.sty
Package: moderncviconstikz 2026-06-24 v2.6.1 modern curriculum vitae and letter
 icons: tickz

(C:\Users\SAPTARSHI SADHU\AppData\Local\Programs\MiKTeX\tex/latex/pgf/frontendl
ayer\tikz.sty
(C:\Users\SAPTARSHI SADHU\AppData\Local\Programs\MiKTeX\tex/latex/pgf/basiclaye
r\pgf.sty
(C:\Users\SAPTARSHI SADHU\AppData\Local\Programs\MiKTeX\tex/latex/pgf/utilities
\pgfrcs.sty
(C:\Users\SAPTARSHI SADHU\AppData\Local\Programs\MiKTeX\tex/generic/pgf/utiliti
es\pgfutil-common.tex
\pgfutil@everybye=\toks25
\pgfutil@tempdima=\dimen169
\pgfutil@tempdimb=\dimen170
)
(C:\Users\SAPTARSHI SADHU\AppData\Local\Programs\MiKTeX\tex/generic/pgf/utiliti
es\pgfutil-latex.def
\pgfutil@abb=\box59
)
(C:\Users\SAPTARSHI SADHU\AppData\Local\Programs\MiKTeX\tex/generic/pgf/utiliti
es\pgfrcs.code.tex
(C:\Users\SAPTARSHI SADHU\AppData\Local\Programs\MiKTeX\tex/generic/pgf\pgf.rev
ision.tex)
Package: pgfrcs 2025-08-29 v3.1.11a (3.1.11a)
))
Package: pgf 2025-08-29 v3.1.11a (3.1.11a)

(C:\Users\SAPTARSHI SADHU\AppData\Local\Programs\MiKTeX\tex/latex/pgf/basiclaye
r\pgfcore.sty
(C:\Users\SAPTARSHI SADHU\AppData\Local\Programs\MiKTeX\tex/latex/pgf/systemlay
er\pgfsys.sty
(C:\Users\SAPTARSHI SADHU\AppData\Local\Programs\MiKTeX\tex/generic/pgf/systeml
ayer\pgfsys.code.tex
Package: pgfsys 2025-08-29 v3.1.11a (3.1.11a)

(C:\Users\SAPTARSHI SADHU\AppData\Local\Programs\MiKTeX\tex/generic/pgf/utiliti
es\pgfkeys.code.tex
\pgfkeys@pathtoks=\toks26
\pgfkeys@temptoks=\toks27

(C:\Users\SAPTARSHI SADHU\AppData\Local\Programs\MiKTeX\tex/generic/pgf/utiliti
es\pgfkeyslibraryfiltered.code.tex
\pgfkeys@tmptoks=\toks28
))
\pgf@x=\dimen171
\pgf@y=\dimen172
\pgf@xa=\dimen173
\pgf@ya=\dimen174
\pgf@xb=\dimen175
\pgf@yb=\dimen176
\pgf@xc=\dimen177
\pgf@yc=\dimen178
\pgf@xd=\dimen179
\pgf@yd=\dimen180
\w@pgf@writea=\write3
\r@pgf@reada=\read2
\c@pgf@counta=\count293
\c@pgf@countb=\count294
\c@pgf@countc=\count295
\c@pgf@countd=\count296
\t@pgf@toka=\toks29
\t@pgf@tokb=\toks30
\t@pgf@tokc=\toks31
\pgf@sys@id@count=\count297

(C:\Users\SAPTARSHI SADHU\AppData\Local\Programs\MiKTeX\tex/generic/pgf/systeml
ayer\pgf.cfg
File: pgf.cfg 2025-08-29 v3.1.11a (3.1.11a)
)
Driver file for pgf: pgfsys-pdftex.def

(C:\Users\SAPTARSHI SADHU\AppData\Local\Programs\MiKTeX\tex/generic/pgf/systeml
ayer\pgfsys-pdftex.def
File: pgfsys-pdftex.def 2025-08-29 v3.1.11a (3.1.11a)

(C:\Users\SAPTARSHI SADHU\AppData\Local\Programs\MiKTeX\tex/generic/pgf/systeml
ayer\pgfsys-common-pdf.def
File: pgfsys-common-pdf.def 2025-08-29 v3.1.11a (3.1.11a)
)))
(C:\Users\SAPTARSHI SADHU\AppData\Local\Programs\MiKTeX\tex/generic/pgf/systeml
ayer\pgfsyssoftpath.code.tex
File: pgfsyssoftpath.code.tex 2025-08-29 v3.1.11a (3.1.11a)
\pgfsyssoftpath@smallbuffer@items=\count298
\pgfsyssoftpath@bigbuffer@items=\count299
)
(C:\Users\SAPTARSHI SADHU\AppData\Local\Programs\MiKTeX\tex/generic/pgf/systeml
ayer\pgfsysprotocol.code.tex
File: pgfsysprotocol.code.tex 2025-08-29 v3.1.11a (3.1.11a)
))
(C:\Users\SAPTARSHI SADHU\AppData\Local\Programs\MiKTeX\tex/generic/pgf/basicla
yer\pgfcore.code.tex
Package: pgfcore 2025-08-29 v3.1.11a (3.1.11a)

(C:\Users\SAPTARSHI SADHU\AppData\Local\Programs\MiKTeX\tex/generic/pgf/math\pg
fmath.code.tex
(C:\Users\SAPTARSHI SADHU\AppData\Local\Programs\MiKTeX\tex/generic/pgf/math\pg
fmathutil.code.tex)
(C:\Users\SAPTARSHI SADHU\AppData\Local\Programs\MiKTeX\tex/generic/pgf/math\pg
fmathparser.code.tex
\pgfmath@dimen=\dimen181
\pgfmath@count=\count300
\pgfmath@box=\box60
\pgfmath@toks=\toks32
\pgfmath@stack@operand=\toks33
\pgfmath@stack@operation=\toks34
)
(C:\Users\SAPTARSHI SADHU\AppData\Local\Programs\MiKTeX\tex/generic/pgf/math\pg
fmathfunctions.code.tex)
(C:\Users\SAPTARSHI SADHU\AppData\Local\Programs\MiKTeX\tex/generic/pgf/math\pg
fmathfunctions.basic.code.tex)
(C:\Users\SAPTARSHI SADHU\AppData\Local\Programs\MiKTeX\tex/generic/pgf/math\pg
fmathfunctions.trigonometric.code.tex)
(C:\Users\SAPTARSHI SADHU\AppData\Local\Programs\MiKTeX\tex/generic/pgf/math\pg
fmathfunctions.random.code.tex)
(C:\Users\SAPTARSHI SADHU\AppData\Local\Programs\MiKTeX\tex/generic/pgf/math\pg
fmathfunctions.comparison.code.tex)
(C:\Users\SAPTARSHI SADHU\AppData\Local\Programs\MiKTeX\tex/generic/pgf/math\pg
fmathfunctions.base.code.tex)
(C:\Users\SAPTARSHI SADHU\AppData\Local\Programs\MiKTeX\tex/generic/pgf/math\pg
fmathfunctions.round.code.tex)
(C:\Users\SAPTARSHI SADHU\AppData\Local\Programs\MiKTeX\tex/generic/pgf/math\pg
fmathfunctions.misc.code.tex)
(C:\Users\SAPTARSHI SADHU\AppData\Local\Programs\MiKTeX\tex/generic/pgf/math\pg
fmathfunctions.integerarithmetics.code.tex)
(C:\Users\SAPTARSHI SADHU\AppData\Local\Programs\MiKTeX\tex/generic/pgf/math\pg
fmathcalc.code.tex)
(C:\Users\SAPTARSHI SADHU\AppData\Local\Programs\MiKTeX\tex/generic/pgf/math\pg
fmathfloat.code.tex
\c@pgfmathroundto@lastzeros=\count301
))
(C:\Users\SAPTARSHI SADHU\AppData\Local\Programs\MiKTeX\tex/generic/pgf/math\pg
fint.code.tex)
(C:\Users\SAPTARSHI SADHU\AppData\Local\Programs\MiKTeX\tex/generic/pgf/basicla
yer\pgfcorepoints.code.tex
File: pgfcorepoints.code.tex 2025-08-29 v3.1.11a (3.1.11a)
\pgf@picminx=\dimen182
\pgf@picmaxx=\dimen183
\pgf@picminy=\dimen184
\pgf@picmaxy=\dimen185
\pgf@pathminx=\dimen186
\pgf@pathmaxx=\dimen187
\pgf@pathminy=\dimen188
\pgf@pathmaxy=\dimen189
\pgf@xx=\dimen190
\pgf@xy=\dimen191
\pgf@yx=\dimen192
\pgf@yy=\dimen193
\pgf@zx=\dimen194
\pgf@zy=\dimen195
)
(C:\Users\SAPTARSHI SADHU\AppData\Local\Programs\MiKTeX\tex/generic/pgf/basicla
yer\pgfcorepathconstruct.code.tex
File: pgfcorepathconstruct.code.tex 2025-08-29 v3.1.11a (3.1.11a)
\pgf@path@lastx=\dimen196
\pgf@path@lasty=\dimen197
)
(C:\Users\SAPTARSHI SADHU\AppData\Local\Programs\MiKTeX\tex/generic/pgf/basicla
yer\pgfcorepathusage.code.tex
File: pgfcorepathusage.code.tex 2025-08-29 v3.1.11a (3.1.11a)
\pgf@shorten@end@additional=\dimen198
\pgf@shorten@start@additional=\dimen199
)
(C:\Users\SAPTARSHI SADHU\AppData\Local\Programs\MiKTeX\tex/generic/pgf/basicla
yer\pgfcorescopes.code.tex
File: pgfcorescopes.code.tex 2025-08-29 v3.1.11a (3.1.11a)
\pgfpic=\box61
\pgf@hbox=\box62
\pgf@layerbox@main=\box63
\pgf@picture@serial@count=\count302
)
(C:\Users\SAPTARSHI SADHU\AppData\Local\Programs\MiKTeX\tex/generic/pgf/basicla
yer\pgfcoregraphicstate.code.tex
File: pgfcoregraphicstate.code.tex 2025-08-29 v3.1.11a (3.1.11a)
\pgflinewidth=\dimen256
)
(C:\Users\SAPTARSHI SADHU\AppData\Local\Programs\MiKTeX\tex/generic/pgf/basicla
yer\pgfcoretransformations.code.tex
File: pgfcoretransformations.code.tex 2025-08-29 v3.1.11a (3.1.11a)
\pgf@pt@x=\dimen257
\pgf@pt@y=\dimen258
\pgf@pt@temp=\dimen259
)
(C:\Users\SAPTARSHI SADHU\AppData\Local\Programs\MiKTeX\tex/generic/pgf/basicla
yer\pgfcorequick.code.tex
File: pgfcorequick.code.tex 2025-08-29 v3.1.11a (3.1.11a)
)
(C:\Users\SAPTARSHI SADHU\AppData\Local\Programs\MiKTeX\tex/generic/pgf/basicla
yer\pgfcoreobjects.code.tex
File: pgfcoreobjects.code.tex 2025-08-29 v3.1.11a (3.1.11a)
)
(C:\Users\SAPTARSHI SADHU\AppData\Local\Programs\MiKTeX\tex/generic/pgf/basicla
yer\pgfcorepathprocessing.code.tex
File: pgfcorepathprocessing.code.tex 2025-08-29 v3.1.11a (3.1.11a)
)
(C:\Users\SAPTARSHI SADHU\AppData\Local\Programs\MiKTeX\tex/generic/pgf/basicla
yer\pgfcorearrows.code.tex
File: pgfcorearrows.code.tex 2025-08-29 v3.1.11a (3.1.11a)
\pgfarrowsep=\dimen260
)
(C:\Users\SAPTARSHI SADHU\AppData\Local\Programs\MiKTeX\tex/generic/pgf/basicla
yer\pgfcoreshade.code.tex
File: pgfcoreshade.code.tex 2025-08-29 v3.1.11a (3.1.11a)
\pgf@max=\dimen261
\pgf@sys@shading@range@num=\count303
\pgf@shadingcount=\count304
)
(C:\Users\SAPTARSHI SADHU\AppData\Local\Programs\MiKTeX\tex/generic/pgf/basicla
yer\pgfcoreimage.code.tex
File: pgfcoreimage.code.tex 2025-08-29 v3.1.11a (3.1.11a)
)
(C:\Users\SAPTARSHI SADHU\AppData\Local\Programs\MiKTeX\tex/generic/pgf/basicla
yer\pgfcoreexternal.code.tex
File: pgfcoreexternal.code.tex 2025-08-29 v3.1.11a (3.1.11a)
\pgfexternal@startupbox=\box64
)
(C:\Users\SAPTARSHI SADHU\AppData\Local\Programs\MiKTeX\tex/generic/pgf/basicla
yer\pgfcorelayers.code.tex
File: pgfcorelayers.code.tex 2025-08-29 v3.1.11a (3.1.11a)
)
(C:\Users\SAPTARSHI SADHU\AppData\Local\Programs\MiKTeX\tex/generic/pgf/basicla
yer\pgfcoretransparency.code.tex
File: pgfcoretransparency.code.tex 2025-08-29 v3.1.11a (3.1.11a)
)
(C:\Users\SAPTARSHI SADHU\AppData\Local\Programs\MiKTeX\tex/generic/pgf/basicla
yer\pgfcorepatterns.code.tex
File: pgfcorepatterns.code.tex 2025-08-29 v3.1.11a (3.1.11a)
)
(C:\Users\SAPTARSHI SADHU\AppData\Local\Programs\MiKTeX\tex/generic/pgf/basicla
yer\pgfcorerdf.code.tex
File: pgfcorerdf.code.tex 2025-08-29 v3.1.11a (3.1.11a)
)))
(C:\Users\SAPTARSHI SADHU\AppData\Local\Programs\MiKTeX\tex/generic/pgf/modules
\pgfmoduleshapes.code.tex
File: pgfmoduleshapes.code.tex 2025-08-29 v3.1.11a (3.1.11a)
\pgfnodeparttextbox=\box65
)
(C:\Users\SAPTARSHI SADHU\AppData\Local\Programs\MiKTeX\tex/generic/pgf/modules
\pgfmoduleplot.code.tex
File: pgfmoduleplot.code.tex 2025-08-29 v3.1.11a (3.1.11a)
)
(C:\Users\SAPTARSHI SADHU\AppData\Local\Programs\MiKTeX\tex/latex/pgf/compatibi
lity\pgfcomp-version-0-65.sty
Package: pgfcomp-version-0-65 2025-08-29 v3.1.11a (3.1.11a)
\pgf@nodesepstart=\dimen262
\pgf@nodesepend=\dimen263
)
(C:\Users\SAPTARSHI SADHU\AppData\Local\Programs\MiKTeX\tex/latex/pgf/compatibi
lity\pgfcomp-version-1-18.sty
Package: pgfcomp-version-1-18 2025-08-29 v3.1.11a (3.1.11a)
))
(C:\Users\SAPTARSHI SADHU\AppData\Local\Programs\MiKTeX\tex/latex/pgf/utilities
\pgffor.sty
(C:\Users\SAPTARSHI SADHU\AppData\Local\Programs\MiKTeX\tex/latex/pgf/utilities
\pgfkeys.sty
(C:\Users\SAPTARSHI SADHU\AppData\Local\Programs\MiKTeX\tex/generic/pgf/utiliti
es\pgfkeys.code.tex))
(C:\Users\SAPTARSHI SADHU\AppData\Local\Programs\MiKTeX\tex/latex/pgf/math\pgfm
ath.sty
(C:\Users\SAPTARSHI SADHU\AppData\Local\Programs\MiKTeX\tex/generic/pgf/math\pg
fmath.code.tex))
(C:\Users\SAPTARSHI SADHU\AppData\Local\Programs\MiKTeX\tex/generic/pgf/utiliti
es\pgffor.code.tex
Package: pgffor 2025-08-29 v3.1.11a (3.1.11a)
\pgffor@iter=\dimen264
\pgffor@skip=\dimen265
\pgffor@stack=\toks35
\pgffor@toks=\toks36
))
(C:\Users\SAPTARSHI SADHU\AppData\Local\Programs\MiKTeX\tex/generic/pgf/fronten
dlayer/tikz\tikz.code.tex
Package: tikz 2025-08-29 v3.1.11a (3.1.11a)

(C:\Users\SAPTARSHI SADHU\AppData\Local\Programs\MiKTeX\tex/generic/pgf/librari
es\pgflibraryplothandlers.code.tex
File: pgflibraryplothandlers.code.tex 2025-08-29 v3.1.11a (3.1.11a)
\pgf@plot@mark@count=\count305
\pgfplotmarksize=\dimen266
)
\tikz@lastx=\dimen267
\tikz@lasty=\dimen268
\tikz@lastxsaved=\dimen269
\tikz@lastysaved=\dimen270
\tikz@lastmovetox=\dimen271
\tikz@lastmovetoy=\dimen272
\tikzleveldistance=\dimen273
\tikzsiblingdistance=\dimen274
\tikz@figbox=\box66
\tikz@figbox@bg=\box67
\tikz@tempbox=\box68
\tikz@tempbox@bg=\box69
\tikztreelevel=\count306
\tikznumberofchildren=\count307
\tikznumberofcurrentchild=\count308
\tikz@fig@count=\count309

(C:\Users\SAPTARSHI SADHU\AppData\Local\Programs\MiKTeX\tex/generic/pgf/modules
\pgfmodulematrix.code.tex
File: pgfmodulematrix.code.tex 2025-08-29 v3.1.11a (3.1.11a)
\pgfmatrixcurrentrow=\count310
\pgfmatrixcurrentcolumn=\count311
\pgf@matrix@numberofcolumns=\count312
)
\tikz@expandcount=\count313

(C:\Users\SAPTARSHI SADHU\AppData\Local\Programs\MiKTeX\tex/generic/pgf/fronten
dlayer/tikz/libraries\tikzlibrarytopaths.code.tex
File: tikzlibrarytopaths.code.tex 2025-08-29 v3.1.11a (3.1.11a)
)))
(C:\Users\SAPTARSHI SADHU\AppData\Local\Programs\MiKTeX\tex/generic/pgf/fronten
dlayer/tikz/libraries\tikzlibrarybabel.code.tex
File: tikzlibrarybabel.code.tex 2025-08-29 v3.1.11a (3.1.11a)
)))
(C:\Users\SAPTARSHI SADHU\AppData\Local\Programs\MiKTeX\tex/latex/moderncv\mode
rncvheadi.sty
Package: moderncvheadi 2026-06-24 v2.6.1 modern curriculum vitae and letter hea
der variant: 1
\quotewidth=\skip75
\makecvheadnamewidth=\skip76
)
(C:\Users\SAPTARSHI SADHU\AppData\Local\Programs\MiKTeX\tex/latex/moderncv\mode
rncvbodyi.sty
Package: moderncvbodyi 2026-06-24 v2.6.1 modern curriculum vitae and letter bod
y variant: 1

(C:\Users\SAPTARSHI SADHU\AppData\Local\Programs\MiKTeX\tex/latex/moderncv\mode
rncvskillmatrix.sty
Package: moderncvskillmatrix 2026-06-24 v2.6.1 modern curriculum vitae and lett
er skill matrix

(C:\Users\SAPTARSHI SADHU\AppData\Local\Programs\MiKTeX\tex/latex/multirow\mult
irow.sty
Package: multirow 2024/11/12 v2.9 Span multiple rows of a table
\multirow@colwidth=\skip77
\multirow@cntb=\count314
\multirow@dima=\skip78
\bigstrutjot=\dimen275
)
\cvSkill@ShapeSize=\skip79
\my@repeat@count=\count315
\cvskill@width=\skip80
\cvskill@descriptorwidth=\skip81
\cvskill@experiencewidth=\skip82
\skillmatrix@columnwidth=\skip83
\skillmatrix@commentwidth=\skip84
\skillmatrix@padding=\skip85
\skillmatrix@hintscolumnwidth=\skip86
\skillmatrix@bodylength=\skip87
\cvskilllegend@leftdescriptorwidth=\skip88
\cvskilllegend@rightdescriptorwidth=\skip89
\skilllegend@hintscolumnwidth=\skip90
\skilllegend@padding=\skip91
\skilllegend@bodylength=\skip92
\separatorrulewidth=\skip93
)
\hintscolumnwidth=\skip94
\separatorcolumnwidth=\skip95
\maincolumnwidth=\skip96
\doubleitemcolumnwidth=\skip97
\tripleitemcolumnwidth=\skip98
\listitemsymbolwidth=\skip99
LaTeX Font Info:    Trying to load font information for U+fontawesome6free1 on 
input line 50.

(C:\Users\SAPTARSHI SADHU\AppData\Local\Programs\MiKTeX\tex/latex/fontawesome6\
ufontawesome6free1.fd)
\listitemcolumnwidth=\skip100
\listdoubleitemcolumnwidth=\skip101
\listitemsymbolspace=\skip102
\baseletterheight=\skip103
\cvitemwithcommentbox=\box70
\cvitemwithcommentskilllength=\skip104
\cvitemwithcommentcommentlength=\skip105
))
(C:\Users\SAPTARSHI SADHU\AppData\Local\Programs\MiKTeX\tex/latex/moderncv\mode
rncvcolorblue.sty
Package: moderncvcolorblue 2026-06-24 v2.6.1 modern curriculum vitae and letter
 color scheme: blue
)
(C:\Users\SAPTARSHI SADHU\AppData\Local\Programs\MiKTeX\tex/latex/lipsum\lipsum
.sty
Package: lipsum 2021-09-20 v2.7 150 paragraphs of Lorem Ipsum dummy text
\g__lipsum_par_int=\count316
\l__lipsum_a_int=\count317
\l__lipsum_b_int=\count318

(C:\Users\SAPTARSHI SADHU\AppData\Local\Programs\MiKTeX\tex/latex/lipsum\lipsum
.ltd.tex))
(C:\Users\SAPTARSHI SADHU\AppData\Local\Programs\MiKTeX\tex/latex/geometry\geom
etry.sty
Package: geometry 2026/03/07 v6.0 Page Geometry

(C:\Users\SAPTARSHI SADHU\AppData\Local\Programs\MiKTeX\tex/generic/iftex\ifvte
x.sty
Package: ifvtex 2019/10/25 v1.7 ifvtex legacy package. Use iftex instead.
)
\Gm@cnth=\count319
\Gm@cntv=\count320
\c@Gm@tempcnt=\count321
\Gm@bindingoffset=\dimen276
\Gm@wd@mp=\dimen277
\Gm@odd@mp=\dimen278
\Gm@even@mp=\dimen279
\Gm@layoutwidth=\dimen280
\Gm@layoutheight=\dimen281
\Gm@layouthoffset=\dimen282
\Gm@layoutvoffset=\dimen283
\Gm@dimlist=\toks37

(C:\Users\SAPTARSHI SADHU\AppData\Local\Programs\MiKTeX\tex/latex/geometry\geom
etry.cfg))
(C:\Users\SAPTARSHI SADHU\AppData\Local\Programs\MiKTeX\tex/latex/fontawesome5\
fontawesome5.sty
Package: fontawesome5 2022/05/02 v5.15.4 Font Awesome 5


! LaTeX Error: Control sequence \l_fontawesome_style_str already defined.

For immediate help type H <return>.
 ...                                              
                                                  
l.48 \str_new:N\l_fontawesome_style_str
                                       

This is a coding error.

LaTeX has been asked to create a new control sequence
'\l_fontawesome_style_str' but this name has already been used elsewhere.

The current meaning is:
  macro:->solid



(C:\Users\SAPTARSHI SADHU\AppData\Local\Programs\MiKTeX\tex/latex/fontawesome5\
fontawesome5-generic-helper.sty
Package: fontawesome5-generic-helper 2022/05/02 v5.15.4 non-uTeX helper for fon
tawesome5


! LaTeX Error: Control sequence \__fontawesome_def_icon:nnnnn already defined.

For immediate help type H <return>.
 ...                                              
                                                  
l.25 }
      

This is a coding error.

LaTeX has been asked to create a new control sequence
'\__fontawesome_def_icon:nnnnn' but this name has already been used elsewhere.

The current meaning is:
  \protected\long macro:#1#2#3#4#5->\tl_if_empty:nF {#1}{\cs_new_protected:Npn
#1{\faPreselectedIcon {#2}}}\tl_const:cn {c__fontawesome_slot_#2_tl}{{#3}{#4}}



(C:\Users\SAPTARSHI SADHU\AppData\Local\Programs\MiKTeX\tex/latex/fontawesome5\
fontawesome5-mapping.def

! LaTeX Error: Control sequence \c__fontawesome_slot_500px_tl already defined.

For immediate help type H <return>.
 ...                                              
                                                  
l.15 ...def_icon:nnnnn{}{500px}{brands0}{0}{"F26E}
                                                  

This is a coding error.

LaTeX has been asked to create a new control sequence
'\c__fontawesome_slot_500px_tl' but this name has already been used elsewhere.

The current meaning is:
  macro:->{brands0}{1}



! LaTeX Error: Control sequence \faAccessibleIcon already defined.

For immediate help type H <return>.
 ...                                              
                                                  
l.16 ...eIcon}{accessible-icon}{brands0}{1}{"F368}
                                                  

This is a coding error.

LaTeX has been asked to create a new control sequence '\faAccessibleIcon' but
this name has already been used elsewhere.

The current meaning is:
  \protected\long macro:->\faPreselectedIcon {accessible-icon}



! LaTeX Error: Control sequence \c__fontawesome_slot_accessible-icon_tl
(LaTeX)        already defined.

For immediate help type H <return>.
 ...                                              
                                                  
l.16 ...eIcon}{accessible-icon}{brands0}{1}{"F368}
                                                  

This is a coding error.

LaTeX has been asked to create a new control sequence
'\c__fontawesome_slot_accessible-icon_tl' but this name has already been used
elsewhere.

The current meaning is:
  macro:->{brands0}{3}



! LaTeX Error: Control sequence \faAccusoft already defined.

For immediate help type H <return>.
 ...                                              
                                                  
l.17 ...{\faAccusoft}{accusoft}{brands0}{2}{"F369}
                                                  

This is a coding error.

LaTeX has been asked to create a new control sequence '\faAccusoft' but this
name has already been used elsewhere.

The current meaning is:
  \protected\long macro:->\faPreselectedIcon {accusoft}



! LaTeX Error: Control sequence \c__fontawesome_slot_accusoft_tl already
(LaTeX)        defined.

For immediate help type H <return>.
 ...                                              
                                                  
l.17 ...{\faAccusoft}{accusoft}{brands0}{2}{"F369}
                                                  

This is a coding error.

LaTeX has been asked to create a new control sequence
'\c__fontawesome_slot_accusoft_tl' but this name has already been used
elsewhere.

The current meaning is:
  macro:->{brands0}{4}



! LaTeX Error: Control sequence \faAddressBook already defined.

For immediate help type H <return>.
 ...                                              
                                                  
l.20 ...ddressBook}{address-book}{free0}{1}{"F2B9}
                                                  

This is a coding error.

LaTeX has been asked to create a new control sequence '\faAddressBook' but
this name has already been used elsewhere.

The current meaning is:
  \protected\long macro:->\faPreselectedIcon {address-book}



! LaTeX Error: Control sequence \c__fontawesome_slot_address-book_tl already
(LaTeX)        defined.

For immediate help type H <return>.
 ...                                              
                                                  
l.20 ...ddressBook}{address-book}{free0}{1}{"F2B9}
                                                  

This is a coding error.

LaTeX has been asked to create a new control sequence
'\c__fontawesome_slot_address-book_tl' but this name has already been used
elsewhere.

The current meaning is:
  macro:->{free0}{1}



! LaTeX Error: Control sequence \faAddressCard already defined.

For immediate help type H <return>.
 ...                                              
                                                  
l.21 ...ddressCard}{address-card}{free0}{2}{"F2BB}
                                                  

This is a coding error.

LaTeX has been asked to create a new control sequence '\faAddressCard' but
this name has already been used elsewhere.

The current meaning is:
  \protected\long macro:->\faPreselectedIcon {address-card}



! LaTeX Error: Control sequence \c__fontawesome_slot_address-card_tl already
(LaTeX)        defined.

For immediate help type H <return>.
 ...                                              
                                                  
l.21 ...ddressCard}{address-card}{free0}{2}{"F2BB}
                                                  

This is a coding error.

LaTeX has been asked to create a new control sequence
'\c__fontawesome_slot_address-card_tl' but this name has already been used
elsewhere.

The current meaning is:
  macro:->{free0}{2}



! LaTeX Error: Control sequence \faAdn already defined.

For immediate help type H <return>.
 ...                                              
                                                  
l.23 ...icon:nnnnn{\faAdn}{adn}{brands0}{4}{"F170}
                                                  

This is a coding error.

LaTeX has been asked to create a new control sequence '\faAdn' but this name
has already been used elsewhere.

The current meaning is:
  \protected\long macro:->\faPreselectedIcon {adn}



! LaTeX Error: Control sequence \c__fontawesome_slot_adn_tl already defined.

For immediate help type H <return>.
 ...                                              
                                                  
l.23 ...icon:nnnnn{\faAdn}{adn}{brands0}{4}{"F170}
                                                  

This is a coding error.

LaTeX has been asked to create a new control sequence
'\c__fontawesome_slot_adn_tl' but this name has already been used elsewhere.

The current meaning is:
  macro:->{brands0}{5}



! LaTeX Error: Control sequence \faAdversal already defined.

For immediate help type H <return>.
 ...                                              
                                                  
l.24 ...{\faAdversal}{adversal}{brands0}{5}{"F36A}
                                                  

This is a coding error.

LaTeX has been asked to create a new control sequence '\faAdversal' but this
name has already been used elsewhere.

The current meaning is:
  \protected\long macro:->\faPreselectedIcon {adversal}



! LaTeX Error: Control sequence \c__fontawesome_slot_adversal_tl already
(LaTeX)        defined.

For immediate help type H <return>.
 ...                                              
                                                  
l.24 ...{\faAdversal}{adversal}{brands0}{5}{"F36A}
                                                  

This is a coding error.

LaTeX has been asked to create a new control sequence
'\c__fontawesome_slot_adversal_tl' but this name has already been used
elsewhere.

The current meaning is:
  macro:->{brands0}{6}



! LaTeX Error: Control sequence \faAffiliatetheme already defined.

For immediate help type H <return>.
 ...                                              
                                                  
l.25 ...etheme}{affiliatetheme}{brands0}{6}{"F36B}
                                                  

This is a coding error.

LaTeX has been asked to create a new control sequence '\faAffiliatetheme' but
this name has already been used elsewhere.

The current meaning is:
  \protected\long macro:->\faPreselectedIcon {affiliatetheme}



! LaTeX Error: Control sequence \c__fontawesome_slot_affiliatetheme_tl already
(LaTeX)        defined.

For immediate help type H <return>.
 ...                                              
                                                  
l.25 ...etheme}{affiliatetheme}{brands0}{6}{"F36B}
                                                  

This is a coding error.

LaTeX has been asked to create a new control sequence
'\c__fontawesome_slot_affiliatetheme_tl' but this name has already been used
elsewhere.

The current meaning is:
  macro:->{brands0}{7}



! LaTeX Error: Control sequence \faAirbnb already defined.

For immediate help type H <return>.
 ...                                              
                                                  
l.26 ...nnnn{\faAirbnb}{airbnb}{brands0}{7}{"F834}
                                                  

This is a coding error.

LaTeX has been asked to create a new control sequence '\faAirbnb' but this
name has already been used elsewhere.

The current meaning is:
  \protected\long macro:->\faPreselectedIcon {airbnb}



! LaTeX Error: Control sequence \c__fontawesome_slot_airbnb_tl already
(LaTeX)        defined.

For immediate help type H <return>.
 ...                                              
                                                  
l.26 ...nnnn{\faAirbnb}{airbnb}{brands0}{7}{"F834}
                                                  

This is a coding error.

LaTeX has been asked to create a new control sequence
'\c__fontawesome_slot_airbnb_tl' but this name has already been used
elsewhere.

The current meaning is:
  macro:->{brands0}{8}



! LaTeX Error: Control sequence \faAlgolia already defined.

For immediate help type H <return>.
 ...                                              
                                                  
l.28 ...nn{\faAlgolia}{algolia}{brands0}{8}{"F36C}
                                                  

This is a coding error.

LaTeX has been asked to create a new control sequence '\faAlgolia' but this
name has already been used elsewhere.

The current meaning is:
  \protected\long macro:->\faPreselectedIcon {algolia}



! LaTeX Error: Control sequence \c__fontawesome_slot_algolia_tl already
(LaTeX)        defined.

For immediate help type H <return>.
 ...                                              
                                                  
l.28 ...nn{\faAlgolia}{algolia}{brands0}{8}{"F36C}
                                                  

This is a coding error.

LaTeX has been asked to create a new control sequence
'\c__fontawesome_slot_algolia_tl' but this name has already been used
elsewhere.

The current meaning is:
  macro:->{brands0}{9}



! LaTeX Error: Control sequence \faAlignCenter already defined.

For immediate help type H <return>.
 ...                                              
                                                  
l.29 ...lignCenter}{align-center}{free0}{5}{"F037}
                                                  

This is a coding error.

LaTeX has been asked to create a new control sequence '\faAlignCenter' but
this name has already been used elsewhere.

The current meaning is:
  \protected\long macro:->\faPreselectedIcon {align-center}



! LaTeX Error: Control sequence \c__fontawesome_slot_align-center_tl already
(LaTeX)        defined.

For immediate help type H <return>.
 ...                                              
                                                  
l.29 ...lignCenter}{align-center}{free0}{5}{"F037}
                                                  

This is a coding error.

LaTeX has been asked to create a new control sequence
'\c__fontawesome_slot_align-center_tl' but this name has already been used
elsewhere.

The current meaning is:
  macro:->{free0}{3}



! LaTeX Error: Control sequence \faAlignJustify already defined.

For immediate help type H <return>.
 ...                                              
                                                  
l.30 ...gnJustify}{align-justify}{free0}{6}{"F039}
                                                  

This is a coding error.

LaTeX has been asked to create a new control sequence '\faAlignJustify' but
this name has already been used elsewhere.

The current meaning is:
  \protected\long macro:->\faPreselectedIcon {align-justify}



! LaTeX Error: Control sequence \c__fontawesome_slot_align-justify_tl already
(LaTeX)        defined.

For immediate help type H <return>.
 ...                                              
                                                  
l.30 ...gnJustify}{align-justify}{free0}{6}{"F039}
                                                  

This is a coding error.

LaTeX has been asked to create a new control sequence
'\c__fontawesome_slot_align-justify_tl' but this name has already been used
elsewhere.

The current meaning is:
  macro:->{free0}{4}



! LaTeX Error: Control sequence \faAlignLeft already defined.

For immediate help type H <return>.
 ...                                              
                                                  
l.31 ...\faAlignLeft}{align-left}{free0}{7}{"F036}
                                                  

This is a coding error.

LaTeX has been asked to create a new control sequence '\faAlignLeft' but this
name has already been used elsewhere.

The current meaning is:
  \protected\long macro:->\faPreselectedIcon {align-left}



! LaTeX Error: Control sequence \c__fontawesome_slot_align-left_tl already
(LaTeX)        defined.

For immediate help type H <return>.
 ...                                              
                                                  
l.31 ...\faAlignLeft}{align-left}{free0}{7}{"F036}
                                                  

This is a coding error.

LaTeX has been asked to create a new control sequence
'\c__fontawesome_slot_align-left_tl' but this name has already been used
elsewhere.

The current meaning is:
  macro:->{free0}{5}



! LaTeX Error: Control sequence \faAlignRight already defined.

For immediate help type H <return>.
 ...                                              
                                                  
l.32 ...aAlignRight}{align-right}{free0}{8}{"F038}
                                                  

This is a coding error.

LaTeX has been asked to create a new control sequence '\faAlignRight' but this
name has already been used elsewhere.

The current meaning is:
  \protected\long macro:->\faPreselectedIcon {align-right}



! LaTeX Error: Control sequence \c__fontawesome_slot_align-right_tl already
(LaTeX)        defined.

For immediate help type H <return>.
 ...                                              
                                                  
l.32 ...aAlignRight}{align-right}{free0}{8}{"F038}
                                                  

This is a coding error.

LaTeX has been asked to create a new control sequence
'\c__fontawesome_slot_align-right_tl' but this name has already been used
elsewhere.

The current meaning is:
  macro:->{free0}{6}



! LaTeX Error: Control sequence \faAlipay already defined.

For immediate help type H <return>.
 ...                                              
                                                  
l.33 ...nnnn{\faAlipay}{alipay}{brands0}{9}{"F642}
                                                  

This is a coding error.

LaTeX has been asked to create a new control sequence '\faAlipay' but this
name has already been used elsewhere.

The current meaning is:
  \protected\long macro:->\faPreselectedIcon {alipay}



! LaTeX Error: Control sequence \c__fontawesome_slot_alipay_tl already
(LaTeX)        defined.

For immediate help type H <return>.
 ...                                              
                                                  
l.33 ...nnnn{\faAlipay}{alipay}{brands0}{9}{"F642}
                                                  

This is a coding error.

LaTeX has been asked to create a new control sequence
'\c__fontawesome_slot_alipay_tl' but this name has already been used
elsewhere.

The current meaning is:
  macro:->{brands0}{10}



! LaTeX Error: Control sequence \faAmazon already defined.

For immediate help type H <return>.
 ...                                              
                                                  
l.35 ...nnn{\faAmazon}{amazon}{brands0}{10}{"F270}
                                                  

This is a coding error.

LaTeX has been asked to create a new control sequence '\faAmazon' but this
name has already been used elsewhere.

The current meaning is:
  \protected\long macro:->\faPreselectedIcon {amazon}



! LaTeX Error: Control sequence \c__fontawesome_slot_amazon_tl already
(LaTeX)        defined.

For immediate help type H <return>.
 ...                                              
                                                  
l.35 ...nnn{\faAmazon}{amazon}{brands0}{10}{"F270}
                                                  

This is a coding error.

LaTeX has been asked to create a new control sequence
'\c__fontawesome_slot_amazon_tl' but this name has already been used
elsewhere.

The current meaning is:
  macro:->{brands0}{11}



! LaTeX Error: Control sequence \faAmazonPay already defined.

For immediate help type H <return>.
 ...                                              
                                                  
l.36 ...AmazonPay}{amazon-pay}{brands0}{11}{"F42C}
                                                  

This is a coding error.

LaTeX has been asked to create a new control sequence '\faAmazonPay' but this
name has already been used elsewhere.

The current meaning is:
  \protected\long macro:->\faPreselectedIcon {amazon-pay}



! LaTeX Error: Control sequence \c__fontawesome_slot_amazon-pay_tl already
(LaTeX)        defined.

For immediate help type H <return>.
 ...                                              
                                                  
l.36 ...AmazonPay}{amazon-pay}{brands0}{11}{"F42C}
                                                  

This is a coding error.

LaTeX has been asked to create a new control sequence
'\c__fontawesome_slot_amazon-pay_tl' but this name has already been used
elsewhere.

The current meaning is:
  macro:->{brands0}{12}



! LaTeX Error: Control sequence \faAmilia already defined.

For immediate help type H <return>.
 ...                                              
                                                  
l.39 ...nnn{\faAmilia}{amilia}{brands0}{12}{"F36D}
                                                  

This is a coding error.

LaTeX has been asked to create a new control sequence '\faAmilia' but this
name has already been used elsewhere.

The current meaning is:
  \protected\long macro:->\faPreselectedIcon {amilia}



! LaTeX Error: Control sequence \c__fontawesome_slot_amilia_tl already
(LaTeX)        defined.

For immediate help type H <return>.
 ...                                              
                                                  
l.39 ...nnn{\faAmilia}{amilia}{brands0}{12}{"F36D}
                                                  

This is a coding error.

LaTeX has been asked to create a new control sequence
'\c__fontawesome_slot_amilia_tl' but this name has already been used
elsewhere.

The current meaning is:
  macro:->{brands0}{13}



! LaTeX Error: Control sequence \faAnchor already defined.

For immediate help type H <return>.
 ...                                              
                                                  
l.40 ...nnnnn{\faAnchor}{anchor}{free0}{12}{"F13D}
                                                  

This is a coding error.

LaTeX has been asked to create a new control sequence '\faAnchor' but this
name has already been used elsewhere.

The current meaning is:
  \protected\long macro:->\faPreselectedIcon {anchor}



! LaTeX Error: Control sequence \c__fontawesome_slot_anchor_tl already
(LaTeX)        defined.

For immediate help type H <return>.
 ...                                              
                                                  
l.40 ...nnnnn{\faAnchor}{anchor}{free0}{12}{"F13D}
                                                  

This is a coding error.

LaTeX has been asked to create a new control sequence
'\c__fontawesome_slot_anchor_tl' but this name has already been used
elsewhere.

The current meaning is:
  macro:->{free0}{7}



! LaTeX Error: Control sequence \faAndroid already defined.

For immediate help type H <return>.
 ...                                              
                                                  
l.41 ...n{\faAndroid}{android}{brands0}{13}{"F17B}
                                                  

This is a coding error.

LaTeX has been asked to create a new control sequence '\faAndroid' but this
name has already been used elsewhere.

The current meaning is:
  \protected\long macro:->\faPreselectedIcon {android}



! LaTeX Error: Control sequence \c__fontawesome_slot_android_tl already
(LaTeX)        defined.

For immediate help type H <return>.
 ...                                              
                                                  
l.41 ...n{\faAndroid}{android}{brands0}{13}{"F17B}
                                                  

This is a coding error.

LaTeX has been asked to create a new control sequence
'\c__fontawesome_slot_android_tl' but this name has already been used
elsewhere.

The current meaning is:
  macro:->{brands0}{14}



! LaTeX Error: Control sequence \faAngellist already defined.

For immediate help type H <return>.
 ...                                              
                                                  
l.42 ...aAngellist}{angellist}{brands0}{14}{"F209}
                                                  

This is a coding error.

LaTeX has been asked to create a new control sequence '\faAngellist' but this
name has already been used elsewhere.

The current meaning is:
  \protected\long macro:->\faPreselectedIcon {angellist}



! LaTeX Error: Control sequence \c__fontawesome_slot_angellist_tl already
(LaTeX)        defined.

For immediate help type H <return>.
 ...                                              
                                                  
l.42 ...aAngellist}{angellist}{brands0}{14}{"F209}
                                                  

This is a coding error.

LaTeX has been asked to create a new control sequence
'\c__fontawesome_slot_angellist_tl' but this name has already been used
elsewhere.

The current meaning is:
  macro:->{brands0}{15}



! LaTeX Error: Control sequence \faAngleDown already defined.

For immediate help type H <return>.
 ...                                              
                                                  
l.47 ...faAngleDown}{angle-down}{free0}{17}{"F107}
                                                  

This is a coding error.

LaTeX has been asked to create a new control sequence '\faAngleDown' but this
name has already been used elsewhere.

The current meaning is:
  \protected\long macro:->\faPreselectedIcon {angle-down}



! LaTeX Error: Control sequence \c__fontawesome_slot_angle-down_tl already
(LaTeX)        defined.

For immediate help type H <return>.
 ...                                              
                                                  
l.47 ...faAngleDown}{angle-down}{free0}{17}{"F107}
                                                  

This is a coding error.

LaTeX has been asked to create a new control sequence
'\c__fontawesome_slot_angle-down_tl' but this name has already been used
elsewhere.

The current meaning is:
  macro:->{free0}{12}



! LaTeX Error: Control sequence \faAngleLeft already defined.

For immediate help type H <return>.
 ...                                              
                                                  
l.48 ...faAngleLeft}{angle-left}{free0}{18}{"F104}
                                                  

This is a coding error.

LaTeX has been asked to create a new control sequence '\faAngleLeft' but this
name has already been used elsewhere.

The current meaning is:
  \protected\long macro:->\faPreselectedIcon {angle-left}



! LaTeX Error: Control sequence \c__fontawesome_slot_angle-left_tl already
(LaTeX)        defined.

For immediate help type H <return>.
 ...                                              
                                                  
l.48 ...faAngleLeft}{angle-left}{free0}{18}{"F104}
                                                  

This is a coding error.

LaTeX has been asked to create a new control sequence
'\c__fontawesome_slot_angle-left_tl' but this name has already been used
elsewhere.

The current meaning is:
  macro:->{free0}{13}



! LaTeX Error: Control sequence \faAngleRight already defined.

For immediate help type H <return>.
 ...                                              
                                                  
l.49 ...AngleRight}{angle-right}{free0}{19}{"F105}
                                                  

This is a coding error.

LaTeX has been asked to create a new control sequence '\faAngleRight' but this
name has already been used elsewhere.

The current meaning is:
  \protected\long macro:->\faPreselectedIcon {angle-right}



! LaTeX Error: Control sequence \c__fontawesome_slot_angle-right_tl already
(LaTeX)        defined.

For immediate help type H <return>.
 ...                                              
                                                  
l.49 ...AngleRight}{angle-right}{free0}{19}{"F105}
                                                  

This is a coding error.

LaTeX has been asked to create a new control sequence
'\c__fontawesome_slot_angle-right_tl' but this name has already been used
elsewhere.

The current meaning is:
  macro:->{free0}{14}



! LaTeX Error: Control sequence \faAngleUp already defined.

For immediate help type H <return>.
 ...                                              
                                                  
l.50 ...nn{\faAngleUp}{angle-up}{free0}{20}{"F106}
                                                  

This is a coding error.

LaTeX has been asked to create a new control sequence '\faAngleUp' but this
name has already been used elsewhere.

The current meaning is:
  \protected\long macro:->\faPreselectedIcon {angle-up}



! LaTeX Error: Control sequence \c__fontawesome_slot_angle-up_tl already
(LaTeX)        defined.

For immediate help type H <return>.
 ...                                              
                                                  
l.50 ...nn{\faAngleUp}{angle-up}{free0}{20}{"F106}
                                                  

This is a coding error.

LaTeX has been asked to create a new control sequence
'\c__fontawesome_slot_angle-up_tl' but this name has already been used
elsewhere.

The current meaning is:
  macro:->{free0}{15}



! LaTeX Error: Control sequence \faAngrycreative already defined.

For immediate help type H <return>.
 ...                                              
                                                  
l.52 ...eative}{angrycreative}{brands0}{15}{"F36E}
                                                  

This is a coding error.

LaTeX has been asked to create a new control sequence '\faAngrycreative' but
this name has already been used elsewhere.

The current meaning is:
  \protected\long macro:->\faPreselectedIcon {angrycreative}



! LaTeX Error: Control sequence \c__fontawesome_slot_angrycreative_tl already
(LaTeX)        defined.

For immediate help type H <return>.
 ...                                              
                                                  
l.52 ...eative}{angrycreative}{brands0}{15}{"F36E}
                                                  

This is a coding error.

LaTeX has been asked to create a new control sequence
'\c__fontawesome_slot_angrycreative_tl' but this name has already been used
elsewhere.

The current meaning is:
  macro:->{brands0}{16}



! LaTeX Error: Control sequence \faAngular already defined.

For immediate help type H <return>.
 ...                                              
                                                  
l.53 ...n{\faAngular}{angular}{brands0}{16}{"F420}
                                                  

This is a coding error.

LaTeX has been asked to create a new control sequence '\faAngular' but this
name has already been used elsewhere.

The current meaning is:
  \protected\long macro:->\faPreselectedIcon {angular}



! LaTeX Error: Control sequence \c__fontawesome_slot_angular_tl already
(LaTeX)        defined.

For immediate help type H <return>.
 ...                                              
                                                  
l.53 ...n{\faAngular}{angular}{brands0}{16}{"F420}
                                                  

This is a coding error.

LaTeX has been asked to create a new control sequence
'\c__fontawesome_slot_angular_tl' but this name has already been used
elsewhere.

The current meaning is:
  macro:->{brands0}{17}



! LaTeX Error: Control sequence \faAnkh already defined.

For immediate help type H <return>.
 ...                                              
                                                  
l.54 ...con:nnnnn{\faAnkh}{ankh}{free0}{22}{"F644}
                                                  

This is a coding error.

LaTeX has been asked to create a new control sequence '\faAnkh' but this name
has already been used elsewhere.

The current meaning is:
  \protected\long macro:->\faPreselectedIcon {ankh}



! LaTeX Error: Control sequence \c__fontawesome_slot_ankh_tl already defined.

For immediate help type H <return>.
 ...                                              
                                                  
l.54 ...con:nnnnn{\faAnkh}{ankh}{free0}{22}{"F644}
                                                  

This is a coding error.

LaTeX has been asked to create a new control sequence
'\c__fontawesome_slot_ankh_tl' but this name has already been used elsewhere.

The current meaning is:
  macro:->{free0}{20}



! LaTeX Error: Control sequence \faApper already defined.

For immediate help type H <return>.
 ...                                              
                                                  
l.55 ...nnnnn{\faApper}{apper}{brands0}{17}{"F371}
                                                  

This is a coding error.

LaTeX has been asked to create a new control sequence '\faApper' but this name
has already been used elsewhere.

The current meaning is:
  \protected\long macro:->\faPreselectedIcon {apper}



! LaTeX Error: Control sequence \c__fontawesome_slot_apper_tl already defined.

For immediate help type H <return>.
 ...                                              
                                                  
l.55 ...nnnnn{\faApper}{apper}{brands0}{17}{"F371}
                                                  

This is a coding error.

LaTeX has been asked to create a new control sequence
'\c__fontawesome_slot_apper_tl' but this name has already been used elsewhere.

The current meaning is:
  macro:->{brands0}{20}



! LaTeX Error: Control sequence \faApple already defined.

For immediate help type H <return>.
 ...                                              
                                                  
l.56 ...nnnnn{\faApple}{apple}{brands0}{18}{"F179}
                                                  

This is a coding error.

LaTeX has been asked to create a new control sequence '\faApple' but this name
has already been used elsewhere.

The current meaning is:
  \protected\long macro:->\faPreselectedIcon {apple}



! LaTeX Error: Control sequence \c__fontawesome_slot_apple_tl already defined.

For immediate help type H <return>.
 ...                                              
                                                  
l.56 ...nnnnn{\faApple}{apple}{brands0}{18}{"F179}
                                                  

This is a coding error.

LaTeX has been asked to create a new control sequence
'\c__fontawesome_slot_apple_tl' but this name has already been used elsewhere.

The current meaning is:
  macro:->{brands0}{21}



! LaTeX Error: Control sequence \faApplePay already defined.

For immediate help type H <return>.
 ...                                              
                                                  
l.58 ...faApplePay}{apple-pay}{brands0}{19}{"F415}
                                                  

This is a coding error.

LaTeX has been asked to create a new control sequence '\faApplePay' but this
name has already been used elsewhere.

The current meaning is:
  \protected\long macro:->\faPreselectedIcon {apple-pay}



! LaTeX Error: Control sequence \c__fontawesome_slot_apple-pay_tl already
(LaTeX)        defined.

For immediate help type H <return>.
 ...                                              
                                                  
l.58 ...faApplePay}{apple-pay}{brands0}{19}{"F415}
                                                  

This is a coding error.

LaTeX has been asked to create a new control sequence
'\c__fontawesome_slot_apple-pay_tl' but this name has already been used
elsewhere.

The current meaning is:
  macro:->{brands0}{22}



! LaTeX Error: Control sequence \faAppStore already defined.

For immediate help type H <return>.
 ...                                              
                                                  
l.59 ...faAppStore}{app-store}{brands0}{20}{"F36F}
                                                  

This is a coding error.

LaTeX has been asked to create a new control sequence '\faAppStore' but this
name has already been used elsewhere.

The current meaning is:
  \protected\long macro:->\faPreselectedIcon {app-store}



! LaTeX Error: Control sequence \c__fontawesome_slot_app-store_tl already
(LaTeX)        defined.

For immediate help type H <return>.
 ...                                              
                                                  
l.59 ...faAppStore}{app-store}{brands0}{20}{"F36F}
                                                  

This is a coding error.

LaTeX has been asked to create a new control sequence
'\c__fontawesome_slot_app-store_tl' but this name has already been used
elsewhere.

The current meaning is:
  macro:->{brands0}{18}



! LaTeX Error: Control sequence \faAppStoreIos already defined.

For immediate help type H <return>.
 ...                                              
                                                  
l.60 ...oreIos}{app-store-ios}{brands0}{21}{"F370}
                                                  

This is a coding error.

LaTeX has been asked to create a new control sequence '\faAppStoreIos' but
this name has already been used elsewhere.

The current meaning is:
  \protected\long macro:->\faPreselectedIcon {app-store-ios}



! LaTeX Error: Control sequence \c__fontawesome_slot_app-store-ios_tl already
(LaTeX)        defined.

For immediate help type H <return>.
 ...                                              
                                                  
l.60 ...oreIos}{app-store-ios}{brands0}{21}{"F370}
                                                  

This is a coding error.

LaTeX has been asked to create a new control sequence
'\c__fontawesome_slot_app-store-ios_tl' but this name has already been used
elsewhere.

The current meaning is:
  macro:->{brands0}{19}



! LaTeX Error: Control sequence \faArchway already defined.

For immediate help type H <return>.
 ...                                              
                                                  
l.62 ...nnn{\faArchway}{archway}{free0}{25}{"F557}
                                                  

This is a coding error.

LaTeX has been asked to create a new control sequence '\faArchway' but this
name has already been used elsewhere.

The current meaning is:
  \protected\long macro:->\faPreselectedIcon {archway}



! LaTeX Error: Control sequence \c__fontawesome_slot_archway_tl already
(LaTeX)        defined.

For immediate help type H <return>.
 ...                                              
                                                  
l.62 ...nnn{\faArchway}{archway}{free0}{25}{"F557}
                                                  

This is a coding error.

LaTeX has been asked to create a new control sequence
'\c__fontawesome_slot_archway_tl' but this name has already been used
elsewhere.

The current meaning is:
  macro:->{free0}{22}



! LaTeX Error: Control sequence \faArrowDown already defined.

For immediate help type H <return>.
 ...                                              
                                                  
l.71 ...faArrowDown}{arrow-down}{free0}{34}{"F063}
                                                  

This is a coding error.

LaTeX has been asked to create a new control sequence '\faArrowDown' but this
name has already been used elsewhere.

The current meaning is:
  \protected\long macro:->\faPreselectedIcon {arrow-down}



! LaTeX Error: Control sequence \c__fontawesome_slot_arrow-down_tl already
(LaTeX)        defined.

For immediate help type H <return>.
 ...                                              
                                                  
l.71 ...faArrowDown}{arrow-down}{free0}{34}{"F063}
                                                  

This is a coding error.

LaTeX has been asked to create a new control sequence
'\c__fontawesome_slot_arrow-down_tl' but this name has already been used
elsewhere.

The current meaning is:
  macro:->{free0}{23}



! LaTeX Error: Control sequence \faArrowLeft already defined.

For immediate help type H <return>.
 ...                                              
                                                  
l.72 ...faArrowLeft}{arrow-left}{free0}{35}{"F060}
                                                  

This is a coding error.

LaTeX has been asked to create a new control sequence '\faArrowLeft' but this
name has already been used elsewhere.

The current meaning is:
  \protected\long macro:->\faPreselectedIcon {arrow-left}



! LaTeX Error: Control sequence \c__fontawesome_slot_arrow-left_tl already
(LaTeX)        defined.

For immediate help type H <return>.
 ...                                              
                                                  
l.72 ...faArrowLeft}{arrow-left}{free0}{35}{"F060}
                                                  

This is a coding error.

LaTeX has been asked to create a new control sequence
'\c__fontawesome_slot_arrow-left_tl' but this name has already been used
elsewhere.

The current meaning is:
  macro:->{free0}{33}



! LaTeX Error: Control sequence \faArrowRight already defined.

For immediate help type H <return>.
 ...                                              
                                                  
l.73 ...ArrowRight}{arrow-right}{free0}{36}{"F061}
                                                  

This is a coding error.

LaTeX has been asked to create a new control sequence '\faArrowRight' but this
name has already been used elsewhere.

The current meaning is:
  \protected\long macro:->\faPreselectedIcon {arrow-right}



! LaTeX Error: Control sequence \c__fontawesome_slot_arrow-right_tl already
(LaTeX)        defined.

For immediate help type H <return>.
 ...                                              
                                                  
l.73 ...ArrowRight}{arrow-right}{free0}{36}{"F061}
                                                  

This is a coding error.

LaTeX has been asked to create a new control sequence
'\c__fontawesome_slot_arrow-right_tl' but this name has already been used
elsewhere.

The current meaning is:
  macro:->{free0}{36}



! LaTeX Error: Control sequence \faArrowUp already defined.

For immediate help type H <return>.
 ...                                              
                                                  
l.77 ...nn{\faArrowUp}{arrow-up}{free0}{40}{"F062}
                                                  

This is a coding error.

LaTeX has been asked to create a new control sequence '\faArrowUp' but this
name has already been used elsewhere.

The current meaning is:
  \protected\long macro:->\faPreselectedIcon {arrow-up}



! LaTeX Error: Control sequence \c__fontawesome_slot_arrow-up_tl already
(LaTeX)        defined.

For immediate help type H <return>.
 ...                                              
                                                  
l.77 ...nn{\faArrowUp}{arrow-up}{free0}{40}{"F062}
                                                  

This is a coding error.

LaTeX has been asked to create a new control sequence
'\c__fontawesome_slot_arrow-up_tl' but this name has already been used
elsewhere.

The current meaning is:
  macro:->{free0}{48}



! LaTeX Error: Control sequence \faArtstation already defined.

For immediate help type H <return>.
 ...                                              
                                                  
l.78 ...rtstation}{artstation}{brands0}{22}{"F77A}
                                                  

This is a coding error.

LaTeX has been asked to create a new control sequence '\faArtstation' but this
name has already been used elsewhere.

The current meaning is:
  \protected\long macro:->\faPreselectedIcon {artstation}



! LaTeX Error: Control sequence \c__fontawesome_slot_artstation_tl already
(LaTeX)        defined.

For immediate help type H <return>.
 ...                                              
                                                  
l.78 ...rtstation}{artstation}{brands0}{22}{"F77A}
                                                  

This is a coding error.

LaTeX has been asked to create a new control sequence
'\c__fontawesome_slot_artstation_tl' but this name has already been used
elsewhere.

The current meaning is:
  macro:->{brands0}{23}



! LaTeX Error: Control sequence \faAsterisk already defined.

For immediate help type H <return>.
 ...                                              
                                                  
l.80 ...n{\faAsterisk}{asterisk}{free0}{42}{"F069}
                                                  

This is a coding error.

LaTeX has been asked to create a new control sequence '\faAsterisk' but this
name has already been used elsewhere.

The current meaning is:
  \protected\long macro:->\faPreselectedIcon {asterisk}



! LaTeX Error: Control sequence \c__fontawesome_slot_asterisk_tl already
(LaTeX)        defined.

For immediate help type H <return>.
 ...                                              
                                                  
l.80 ...n{\faAsterisk}{asterisk}{free0}{42}{"F069}
                                                  

This is a coding error.

LaTeX has been asked to create a new control sequence
'\c__fontawesome_slot_asterisk_tl' but this name has already been used
elsewhere.

The current meaning is:
  macro:->{free0}{76}



! LaTeX Error: Control sequence \faAsymmetrik already defined.

For immediate help type H <return>.
 ...                                              
                                                  
l.81 ...symmetrik}{asymmetrik}{brands0}{23}{"F372}
                                                  

This is a coding error.

LaTeX has been asked to create a new control sequence '\faAsymmetrik' but this
name has already been used elsewhere.

The current meaning is:
  \protected\long macro:->\faPreselectedIcon {asymmetrik}



! LaTeX Error: Control sequence \c__fontawesome_slot_asymmetrik_tl already
(LaTeX)        defined.

For immediate help type H <return>.
 ...                                              
                                                  
l.81 ...symmetrik}{asymmetrik}{brands0}{23}{"F372}
                                                  

This is a coding error.

LaTeX has been asked to create a new control sequence
'\c__fontawesome_slot_asymmetrik_tl' but this name has already been used
elsewhere.

The current meaning is:
  macro:->{brands0}{25}



! LaTeX Error: Control sequence \faAt already defined.

For immediate help type H <return>.
 ...                                              
                                                  
l.82 ...ef_icon:nnnnn{\faAt}{at}{free0}{43}{"F1FA}
                                                  

This is a coding error.

LaTeX has been asked to create a new control sequence '\faAt' but this name
has already been used elsewhere.

The current meaning is:
  \protected\long macro:->\faPreselectedIcon {at}



! LaTeX Error: Control sequence \c__fontawesome_slot_at_tl already defined.

For immediate help type H <return>.
 ...                                              
                                                  
l.82 ...ef_icon:nnnnn{\faAt}{at}{free0}{43}{"F1FA}
                                                  

This is a coding error.

LaTeX has been asked to create a new control sequence
'\c__fontawesome_slot_at_tl' but this name has already been used elsewhere.

The current meaning is:
  macro:->{free0}{77}



! LaTeX Error: Control sequence \faAtlassian already defined.

For immediate help type H <return>.
 ...                                              
                                                  
l.84 ...aAtlassian}{atlassian}{brands0}{24}{"F77B}
                                                  

This is a coding error.

LaTeX has been asked to create a new control sequence '\faAtlassian' but this
name has already been used elsewhere.

The current meaning is:
  \protected\long macro:->\faPreselectedIcon {atlassian}



! LaTeX Error: Control sequence \c__fontawesome_slot_atlassian_tl already
(LaTeX)        defined.

For immediate help type H <return>.
 ...                                              
                                                  
l.84 ...aAtlassian}{atlassian}{brands0}{24}{"F77B}
                                                  

This is a coding error.

LaTeX has been asked to create a new control sequence
'\c__fontawesome_slot_atlassian_tl' but this name has already been used
elsewhere.

The current meaning is:
  macro:->{brands0}{27}



! LaTeX Error: Control sequence \faAtom already defined.

For immediate help type H <return>.
 ...                                              
                                                  
l.85 ...con:nnnnn{\faAtom}{atom}{free0}{45}{"F5D2}
                                                  

This is a coding error.

LaTeX has been asked to create a new control sequence '\faAtom' but this name
has already been used elsewhere.

The current meaning is:
  \protected\long macro:->\faPreselectedIcon {atom}



! LaTeX Error: Control sequence \c__fontawesome_slot_atom_tl already defined.

For immediate help type H <return>.
 ...                                              
                                                  
l.85 ...con:nnnnn{\faAtom}{atom}{free0}{45}{"F5D2}
                                                  

This is a coding error.

LaTeX has been asked to create a new control sequence
'\c__fontawesome_slot_atom_tl' but this name has already been used elsewhere.

The current meaning is:
  macro:->{free0}{78}



! LaTeX Error: Control sequence \faAudible already defined.

For immediate help type H <return>.
 ...                                              
                                                  
l.86 ...n{\faAudible}{audible}{brands0}{25}{"F373}
                                                  

This is a coding error.

LaTeX has been asked to create a new control sequence '\faAudible' but this
name has already been used elsewhere.

The current meaning is:
  \protected\long macro:->\faPreselectedIcon {audible}



! LaTeX Error: Control sequence \c__fontawesome_slot_audible_tl already
(LaTeX)        defined.

For immediate help type H <return>.
 ...                                              
                                                  
l.86 ...n{\faAudible}{audible}{brands0}{25}{"F373}
                                                  

This is a coding error.

LaTeX has been asked to create a new control sequence
'\c__fontawesome_slot_audible_tl' but this name has already been used
elsewhere.

The current meaning is:
  macro:->{brands0}{28}



! LaTeX Error: Control sequence \faAudioDescription already defined.

For immediate help type H <return>.
 ...                                              
                                                  
l.87 ...tion}{audio-description}{free0}{46}{"F29E}
                                                  

This is a coding error.

LaTeX has been asked to create a new control sequence '\faAudioDescription'
but this name has already been used elsewhere.

The current meaning is:
  \protected\long macro:->\faPreselectedIcon {audio-description}



! LaTeX Error: Control sequence \c__fontawesome_slot_audio-description_tl
(LaTeX)        already defined.

For immediate help type H <return>.
 ...                                              
                                                  
l.87 ...tion}{audio-description}{free0}{46}{"F29E}
                                                  

This is a coding error.

LaTeX has been asked to create a new control sequence
'\c__fontawesome_slot_audio-description_tl' but this name has already been
used elsewhere.

The current meaning is:
  macro:->{free0}{79}



! LaTeX Error: Control sequence \faAutoprefixer already defined.

For immediate help type H <return>.
 ...                                              
                                                  
l.88 ...refixer}{autoprefixer}{brands0}{26}{"F41C}
                                                  

This is a coding error.

LaTeX has been asked to create a new control sequence '\faAutoprefixer' but
this name has already been used elsewhere.

The current meaning is:
  \protected\long macro:->\faPreselectedIcon {autoprefixer}



! LaTeX Error: Control sequence \c__fontawesome_slot_autoprefixer_tl already
(LaTeX)        defined.

For immediate help type H <return>.
 ...                                              
                                                  
l.88 ...refixer}{autoprefixer}{brands0}{26}{"F41C}
                                                  

This is a coding error.

LaTeX has been asked to create a new control sequence
'\c__fontawesome_slot_autoprefixer_tl' but this name has already been used
elsewhere.

The current meaning is:
  macro:->{brands0}{29}



! LaTeX Error: Control sequence \faAvianex already defined.

For immediate help type H <return>.
 ...                                              
                                                  
l.89 ...n{\faAvianex}{avianex}{brands0}{27}{"F374}
                                                  

This is a coding error.

LaTeX has been asked to create a new control sequence '\faAvianex' but this
name has already been used elsewhere.

The current meaning is:
  \protected\long macro:->\faPreselectedIcon {avianex}



! LaTeX Error: Control sequence \c__fontawesome_slot_avianex_tl already
(LaTeX)        defined.

For immediate help type H <return>.
 ...                                              
                                                  
l.89 ...n{\faAvianex}{avianex}{brands0}{27}{"F374}
                                                  

This is a coding error.

LaTeX has been asked to create a new control sequence
'\c__fontawesome_slot_avianex_tl' but this name has already been used
elsewhere.

The current meaning is:
  macro:->{brands0}{30}



! LaTeX Error: Control sequence \faAviato already defined.

For immediate help type H <return>.
 ...                                              
                                                  
l.90 ...nnn{\faAviato}{aviato}{brands0}{28}{"F421}
                                                  

This is a coding error.

LaTeX has been asked to create a new control sequence '\faAviato' but this
name has already been used elsewhere.

The current meaning is:
  \protected\long macro:->\faPreselectedIcon {aviato}



! LaTeX Error: Control sequence \c__fontawesome_slot_aviato_tl already
(LaTeX)        defined.

For immediate help type H <return>.
 ...                                              
                                                  
l.90 ...nnn{\faAviato}{aviato}{brands0}{28}{"F421}
                                                  

This is a coding error.

LaTeX has been asked to create a new control sequence
'\c__fontawesome_slot_aviato_tl' but this name has already been used
elsewhere.

The current meaning is:
  macro:->{brands0}{31}



! LaTeX Error: Control sequence \faAward already defined.

For immediate help type H <return>.
 ...                                              
                                                  
l.91 ...n:nnnnn{\faAward}{award}{free0}{47}{"F559}
                                                  
(That makes 100 errors; please try again.) 
Here is how much of TeX's memory you used:
 21965 strings out of 467867
 461383 string characters out of 5413458
 927722 words of memory out of 5000000
 50488 multiletter control sequences out of 15000+600000
 630603 words of font info for 45 fonts, out of 8000000 for 9000
 1141 hyphenation exceptions out of 8191
 130i,1n,136p,552b,206s stack positions out of 10000i,1000n,20000p,200000b,200000s

!  ==> Fatal error occurred, no output PDF file produced!
